src/lancs/mobilemedia/core/comms/BaseMessaging.java
src/lancs/mobilemedia/core/ui/MainUIMidlet.java
src/lancs/mobilemedia/core/ui/controller/ControllerInterface.java
src/lancs/mobilemedia/core/ui/controller/AbstractController.java
src/lancs/mobilemedia/core/ui/controller/BaseController.java
src/lancs/mobilemedia/core/ui/controller/AlbumController.java
#EH Aspect
src/lancs/mobilemedia/core/ui/controller/CoreUiControllerHandler.aj

src/lancs/mobilemedia/core/ui/controller/MediaController.java
src/lancs/mobilemedia/core/ui/controller/MediaListController.java
src/lancs/mobilemedia/core/ui/controller/ScreenSingleton.java
src/lancs/mobilemedia/core/ui/datamodel/AlbumData.java
src/lancs/mobilemedia/core/ui/datamodel/MediaAccessor.java
#EH Aspect
src/lancs/mobilemedia/core/ui/datamodel/CoreUiDataModelHandler.aj

src/lancs/mobilemedia/core/ui/datamodel/MediaData.java
src/lancs/mobilemedia/core/ui/screens/AddMediaToAlbum.java
src/lancs/mobilemedia/core/ui/screens/AlbumListScreen.java
src/lancs/mobilemedia/core/ui/screens/MediaListScreen.java
src/lancs/mobilemedia/core/ui/screens/NewLabelScreen.java
src/lancs/mobilemedia/core/ui/screens/SplashScreen.java
src/lancs/mobilemedia/core/util/Constants.java
src/lancs/mobilemedia/core/util/MediaUtil.java
src/lancs/mobilemedia/lib/exceptions/MediaNotFoundException.java
src/lancs/mobilemedia/lib/exceptions/MediaPathNotValidException.java
src/lancs/mobilemedia/lib/exceptions/InvalidArrayFormatException.java
src/lancs/mobilemedia/lib/exceptions/InvalidMediaDataException.java
src/lancs/mobilemedia/lib/exceptions/InvalidMediaFormatException.java
src/lancs/mobilemedia/lib/exceptions/PersistenceMechanismException.java
src/lancs/mobilemedia/lib/exceptions/UnavailablePhotoAlbumException.java
src/lancs/mobilemedia/lib/exceptions/InvalidAlbumNameException.java
src/lancs/mobilemedia/aspects/exceptionblocks/UtilAspectEH.aj
# EH Aspect Reuse
src/lancs/mobilemedia/exception/CheckedRecordStoreExceptionHandler.aj

src/lancs/mobilemedia/aspects/exceptionblocks/DataModelAspectEH.aj
src/lancs/mobilemedia/aspects/exceptionblocks/ControllerAspectEH.aj

# This configuration (Instance B01) includes only the Music alternative feature
# No optional is included
# Photo and Video alternative features are not included.

# Music
src/lancs/mobilemedia/alternative/music/AbstractMusicAspect.aj
src/lancs/mobilemedia/alternative/music/MusicAspect.aj
src/lancs/mobilemedia/alternative/music/MusicAlbumData.java
src/lancs/mobilemedia/alternative/music/MusicPlayController.java
src/lancs/mobilemedia/alternative/music/PlayMusicScreen.java
src/lancs/mobilemedia/alternative/music/MusicNotPhotoNotVideo.aj
# EH Aspect Reuse
src/lancs/mobilemedia/exception/CheckedPersistenceAndMediaExceptionHandler.aj
# EH Aspect
src/lancs/mobilemedia/alternative/music/AlternativeMusicHandler.aj

# Music OR Video
src/lancs/mobilemedia/alternative/musicvideo/MultiMediaAccessor.java
src/lancs/mobilemedia/alternative/musicvideo/MultiMediaUtil.java

# Photo OR Music
src/lancs/mobilemedia/alternative/musicvideo/MusicOrVideo.aj
src/lancs/mobilemedia/alternative/OneAlternativeFeature.aj
src/lancs/mobilemedia/alternative/AbstractAlternativeFeature.aj
# EH Aspect Reuse
src/lancs/mobilemedia/exception/CheckedMediaNotFoundExceptionHandler.aj
#EH Aspect
src/lancs/mobilemedia/alternative/musicvideo/AlternativeMusicVideoHandler.aj

