C:\Desenvolvimento\eclipse-mestrado-2\workspace_experimento_2\Original_Code-TeXlipse\source\net\sourceforge\texlipse\DDEClient.java
C:\Desenvolvimento\eclipse-mestrado-2\workspace_experimento_2\Original_Code-TeXlipse\source\net\sourceforge\texlipse\PathUtils.java
C:\Desenvolvimento\eclipse-mestrado-2\workspace_experimento_2\Original_Code-TeXlipse\source\net\sourceforge\texlipse\SelectedResourceManager.java
C:\Desenvolvimento\eclipse-mestrado-2\workspace_experimento_2\Original_Code-TeXlipse\source\net\sourceforge\texlipse\TexlipsePlugin.java
C:\Desenvolvimento\eclipse-mestrado-2\workspace_experimento_2\Original_Code-TeXlipse\source\net\sourceforge\texlipse\actions\AbstractTexSelectionChange.java
C:\Desenvolvimento\eclipse-mestrado-2\workspace_experimento_2\Original_Code-TeXlipse\source\net\sourceforge\texlipse\actions\GoToMatchingBracketAction.java
C:\Desenvolvimento\eclipse-mestrado-2\workspace_experimento_2\Original_Code-TeXlipse\source\net\sourceforge\texlipse\actions\InputQueryDialog.java
C:\Desenvolvimento\eclipse-mestrado-2\workspace_experimento_2\Original_Code-TeXlipse\source\net\sourceforge\texlipse\actions\OpenDeclarationAction.java
C:\Desenvolvimento\eclipse-mestrado-2\workspace_experimento_2\Original_Code-TeXlipse\source\net\sourceforge\texlipse\actions\PartialBuildAction.java
C:\Desenvolvimento\eclipse-mestrado-2\workspace_experimento_2\Original_Code-TeXlipse\source\net\sourceforge\texlipse\actions\PreviewAction.java
C:\Desenvolvimento\eclipse-mestrado-2\workspace_experimento_2\Original_Code-TeXlipse\source\net\sourceforge\texlipse\actions\RunBibTeXOnNextBuildAction.java
C:\Desenvolvimento\eclipse-mestrado-2\workspace_experimento_2\Original_Code-TeXlipse\source\net\sourceforge\texlipse\actions\SaveAsTemplateAction.java
C:\Desenvolvimento\eclipse-mestrado-2\workspace_experimento_2\Original_Code-TeXlipse\source\net\sourceforge\texlipse\actions\SetMainFileAction.java
C:\Desenvolvimento\eclipse-mestrado-2\workspace_experimento_2\Original_Code-TeXlipse\source\net\sourceforge\texlipse\actions\TexCollapseAction.java
C:\Desenvolvimento\eclipse-mestrado-2\workspace_experimento_2\Original_Code-TeXlipse\source\net\sourceforge\texlipse\actions\TexComment.java
C:\Desenvolvimento\eclipse-mestrado-2\workspace_experimento_2\Original_Code-TeXlipse\source\net\sourceforge\texlipse\actions\TexCorrectIndentationAction.java
C:\Desenvolvimento\eclipse-mestrado-2\workspace_experimento_2\Original_Code-TeXlipse\source\net\sourceforge\texlipse\actions\TexHardLineWrapAction.java
C:\Desenvolvimento\eclipse-mestrado-2\workspace_experimento_2\Original_Code-TeXlipse\source\net\sourceforge\texlipse\actions\TexInsertMathSymbolAction.java
C:\Desenvolvimento\eclipse-mestrado-2\workspace_experimento_2\Original_Code-TeXlipse\source\net\sourceforge\texlipse\actions\TexSelections.java
C:\Desenvolvimento\eclipse-mestrado-2\workspace_experimento_2\Original_Code-TeXlipse\source\net\sourceforge\texlipse\actions\TexUncollapseAction.java
C:\Desenvolvimento\eclipse-mestrado-2\workspace_experimento_2\Original_Code-TeXlipse\source\net\sourceforge\texlipse\actions\TexUncomment.java
C:\Desenvolvimento\eclipse-mestrado-2\workspace_experimento_2\Original_Code-TeXlipse\source\net\sourceforge\texlipse\actions\TexWordWrapAction.java
C:\Desenvolvimento\eclipse-mestrado-2\workspace_experimento_2\Original_Code-TeXlipse\source\net\sourceforge\texlipse\actions\WordCountAction.java
C:\Desenvolvimento\eclipse-mestrado-2\workspace_experimento_2\Original_Code-TeXlipse\source\net\sourceforge\texlipse\bibeditor\AbbrevManager.java
C:\Desenvolvimento\eclipse-mestrado-2\workspace_experimento_2\Original_Code-TeXlipse\source\net\sourceforge\texlipse\bibeditor\BibBraceRule.java
C:\Desenvolvimento\eclipse-mestrado-2\workspace_experimento_2\Original_Code-TeXlipse\source\net\sourceforge\texlipse\bibeditor\BibCodeFolder.java
C:\Desenvolvimento\eclipse-mestrado-2\workspace_experimento_2\Original_Code-TeXlipse\source\net\sourceforge\texlipse\bibeditor\BibCodeScanner.java
C:\Desenvolvimento\eclipse-mestrado-2\workspace_experimento_2\Original_Code-TeXlipse\source\net\sourceforge\texlipse\bibeditor\BibColorProvider.java
C:\Desenvolvimento\eclipse-mestrado-2\workspace_experimento_2\Original_Code-TeXlipse\source\net\sourceforge\texlipse\bibeditor\BibCommandRule.java
C:\Desenvolvimento\eclipse-mestrado-2\workspace_experimento_2\Original_Code-TeXlipse\source\net\sourceforge\texlipse\bibeditor\BibCompletionProcessor.java
C:\Desenvolvimento\eclipse-mestrado-2\workspace_experimento_2\Original_Code-TeXlipse\source\net\sourceforge\texlipse\bibeditor\BibContentProvider.java
C:\Desenvolvimento\eclipse-mestrado-2\workspace_experimento_2\Original_Code-TeXlipse\source\net\sourceforge\texlipse\bibeditor\BibDocumentModel.java
C:\Desenvolvimento\eclipse-mestrado-2\workspace_experimento_2\Original_Code-TeXlipse\source\net\sourceforge\texlipse\bibeditor\BibEditor.java
C:\Desenvolvimento\eclipse-mestrado-2\workspace_experimento_2\Original_Code-TeXlipse\source\net\sourceforge\texlipse\bibeditor\BibEntryScanner.java
C:\Desenvolvimento\eclipse-mestrado-2\workspace_experimento_2\Original_Code-TeXlipse\source\net\sourceforge\texlipse\bibeditor\BibLabelProvider.java
C:\Desenvolvimento\eclipse-mestrado-2\workspace_experimento_2\Original_Code-TeXlipse\source\net\sourceforge\texlipse\bibeditor\BibOutlinePage.java
C:\Desenvolvimento\eclipse-mestrado-2\workspace_experimento_2\Original_Code-TeXlipse\source\net\sourceforge\texlipse\bibeditor\BibPartitionScanner.java
C:\Desenvolvimento\eclipse-mestrado-2\workspace_experimento_2\Original_Code-TeXlipse\source\net\sourceforge\texlipse\bibeditor\BibProjectionAnnotation.java
C:\Desenvolvimento\eclipse-mestrado-2\workspace_experimento_2\Original_Code-TeXlipse\source\net\sourceforge\texlipse\bibeditor\BibSetupParticipant.java
C:\Desenvolvimento\eclipse-mestrado-2\workspace_experimento_2\Original_Code-TeXlipse\source\net\sourceforge\texlipse\bibeditor\BibSourceViewerConfiguration.java
C:\Desenvolvimento\eclipse-mestrado-2\workspace_experimento_2\Original_Code-TeXlipse\source\net\sourceforge\texlipse\bibeditor\BibStringCompleter.java
C:\Desenvolvimento\eclipse-mestrado-2\workspace_experimento_2\Original_Code-TeXlipse\source\net\sourceforge\texlipse\bibeditor\BibStringRule.java
C:\Desenvolvimento\eclipse-mestrado-2\workspace_experimento_2\Original_Code-TeXlipse\source\net\sourceforge\texlipse\bibparser\AbbrevRetriever.java
C:\Desenvolvimento\eclipse-mestrado-2\workspace_experimento_2\Original_Code-TeXlipse\source\net\sourceforge\texlipse\bibparser\BibFileReferenceSearch.java
C:\Desenvolvimento\eclipse-mestrado-2\workspace_experimento_2\Original_Code-TeXlipse\source\net\sourceforge\texlipse\bibparser\BibLexer.java
C:\Desenvolvimento\eclipse-mestrado-2\workspace_experimento_2\Original_Code-TeXlipse\source\net\sourceforge\texlipse\bibparser\BibOutlineContainer.java
C:\Desenvolvimento\eclipse-mestrado-2\workspace_experimento_2\Original_Code-TeXlipse\source\net\sourceforge\texlipse\bibparser\BibParser.java
C:\Desenvolvimento\eclipse-mestrado-2\workspace_experimento_2\Original_Code-TeXlipse\source\net\sourceforge\texlipse\bibparser\EntryRetriever.java
C:\Desenvolvimento\eclipse-mestrado-2\workspace_experimento_2\Original_Code-TeXlipse\source\net\sourceforge\texlipse\bibparser\analysis\Analysis.java
C:\Desenvolvimento\eclipse-mestrado-2\workspace_experimento_2\Original_Code-TeXlipse\source\net\sourceforge\texlipse\bibparser\analysis\AnalysisAdapter.java
C:\Desenvolvimento\eclipse-mestrado-2\workspace_experimento_2\Original_Code-TeXlipse\source\net\sourceforge\texlipse\bibparser\analysis\DepthFirstAdapter.java
C:\Desenvolvimento\eclipse-mestrado-2\workspace_experimento_2\Original_Code-TeXlipse\source\net\sourceforge\texlipse\bibparser\analysis\ReversedDepthFirstAdapter.java
C:\Desenvolvimento\eclipse-mestrado-2\workspace_experimento_2\Original_Code-TeXlipse\source\net\sourceforge\texlipse\bibparser\lexer\Lexer.java
C:\Desenvolvimento\eclipse-mestrado-2\workspace_experimento_2\Original_Code-TeXlipse\source\net\sourceforge\texlipse\bibparser\lexer\LexerException.java
C:\Desenvolvimento\eclipse-mestrado-2\workspace_experimento_2\Original_Code-TeXlipse\source\net\sourceforge\texlipse\bibparser\node\ABibeBibEntry.java
C:\Desenvolvimento\eclipse-mestrado-2\workspace_experimento_2\Original_Code-TeXlipse\source\net\sourceforge\texlipse\bibparser\node\ABibstreBibEntry.java
C:\Desenvolvimento\eclipse-mestrado-2\workspace_experimento_2\Original_Code-TeXlipse\source\net\sourceforge\texlipse\bibparser\node\ABibtaskBibEntry.java
C:\Desenvolvimento\eclipse-mestrado-2\workspace_experimento_2\Original_Code-TeXlipse\source\net\sourceforge\texlipse\bibparser\node\ABibtex.java
C:\Desenvolvimento\eclipse-mestrado-2\workspace_experimento_2\Original_Code-TeXlipse\source\net\sourceforge\texlipse\bibparser\node\AConcat.java
C:\Desenvolvimento\eclipse-mestrado-2\workspace_experimento_2\Original_Code-TeXlipse\source\net\sourceforge\texlipse\bibparser\node\AEntryDef.java
C:\Desenvolvimento\eclipse-mestrado-2\workspace_experimento_2\Original_Code-TeXlipse\source\net\sourceforge\texlipse\bibparser\node\AEntrybraceEntry.java
C:\Desenvolvimento\eclipse-mestrado-2\workspace_experimento_2\Original_Code-TeXlipse\source\net\sourceforge\texlipse\bibparser\node\AEntryparenEntry.java
C:\Desenvolvimento\eclipse-mestrado-2\workspace_experimento_2\Original_Code-TeXlipse\source\net\sourceforge\texlipse\bibparser\node\AIdValOrSid.java
C:\Desenvolvimento\eclipse-mestrado-2\workspace_experimento_2\Original_Code-TeXlipse\source\net\sourceforge\texlipse\bibparser\node\AKeyvalDecl.java
C:\Desenvolvimento\eclipse-mestrado-2\workspace_experimento_2\Original_Code-TeXlipse\source\net\sourceforge\texlipse\bibparser\node\ANumValOrSid.java
C:\Desenvolvimento\eclipse-mestrado-2\workspace_experimento_2\Original_Code-TeXlipse\source\net\sourceforge\texlipse\bibparser\node\AStrbraceStringEntry.java
C:\Desenvolvimento\eclipse-mestrado-2\workspace_experimento_2\Original_Code-TeXlipse\source\net\sourceforge\texlipse\bibparser\node\AStrparenStringEntry.java
C:\Desenvolvimento\eclipse-mestrado-2\workspace_experimento_2\Original_Code-TeXlipse\source\net\sourceforge\texlipse\bibparser\node\AValueBValOrSid.java
C:\Desenvolvimento\eclipse-mestrado-2\workspace_experimento_2\Original_Code-TeXlipse\source\net\sourceforge\texlipse\bibparser\node\AValueQValOrSid.java
C:\Desenvolvimento\eclipse-mestrado-2\workspace_experimento_2\Original_Code-TeXlipse\source\net\sourceforge\texlipse\bibparser\node\EOF.java
C:\Desenvolvimento\eclipse-mestrado-2\workspace_experimento_2\Original_Code-TeXlipse\source\net\sourceforge\texlipse\bibparser\node\Node.java
C:\Desenvolvimento\eclipse-mestrado-2\workspace_experimento_2\Original_Code-TeXlipse\source\net\sourceforge\texlipse\bibparser\node\PBibEntry.java
C:\Desenvolvimento\eclipse-mestrado-2\workspace_experimento_2\Original_Code-TeXlipse\source\net\sourceforge\texlipse\bibparser\node\PBibtex.java
C:\Desenvolvimento\eclipse-mestrado-2\workspace_experimento_2\Original_Code-TeXlipse\source\net\sourceforge\texlipse\bibparser\node\PConcat.java
C:\Desenvolvimento\eclipse-mestrado-2\workspace_experimento_2\Original_Code-TeXlipse\source\net\sourceforge\texlipse\bibparser\node\PEntry.java
C:\Desenvolvimento\eclipse-mestrado-2\workspace_experimento_2\Original_Code-TeXlipse\source\net\sourceforge\texlipse\bibparser\node\PEntryDef.java
C:\Desenvolvimento\eclipse-mestrado-2\workspace_experimento_2\Original_Code-TeXlipse\source\net\sourceforge\texlipse\bibparser\node\PKeyvalDecl.java
C:\Desenvolvimento\eclipse-mestrado-2\workspace_experimento_2\Original_Code-TeXlipse\source\net\sourceforge\texlipse\bibparser\node\PStringEntry.java
C:\Desenvolvimento\eclipse-mestrado-2\workspace_experimento_2\Original_Code-TeXlipse\source\net\sourceforge\texlipse\bibparser\node\PValOrSid.java
C:\Desenvolvimento\eclipse-mestrado-2\workspace_experimento_2\Original_Code-TeXlipse\source\net\sourceforge\texlipse\bibparser\node\Start.java
C:\Desenvolvimento\eclipse-mestrado-2\workspace_experimento_2\Original_Code-TeXlipse\source\net\sourceforge\texlipse\bibparser\node\Switch.java
C:\Desenvolvimento\eclipse-mestrado-2\workspace_experimento_2\Original_Code-TeXlipse\source\net\sourceforge\texlipse\bibparser\node\Switchable.java
C:\Desenvolvimento\eclipse-mestrado-2\workspace_experimento_2\Original_Code-TeXlipse\source\net\sourceforge\texlipse\bibparser\node\TBString.java
C:\Desenvolvimento\eclipse-mestrado-2\workspace_experimento_2\Original_Code-TeXlipse\source\net\sourceforge\texlipse\bibparser\node\TComma.java
C:\Desenvolvimento\eclipse-mestrado-2\workspace_experimento_2\Original_Code-TeXlipse\source\net\sourceforge\texlipse\bibparser\node\TComment.java
C:\Desenvolvimento\eclipse-mestrado-2\workspace_experimento_2\Original_Code-TeXlipse\source\net\sourceforge\texlipse\bibparser\node\TEntryName.java
C:\Desenvolvimento\eclipse-mestrado-2\workspace_experimento_2\Original_Code-TeXlipse\source\net\sourceforge\texlipse\bibparser\node\TEquals.java
C:\Desenvolvimento\eclipse-mestrado-2\workspace_experimento_2\Original_Code-TeXlipse\source\net\sourceforge\texlipse\bibparser\node\TEstring.java
C:\Desenvolvimento\eclipse-mestrado-2\workspace_experimento_2\Original_Code-TeXlipse\source\net\sourceforge\texlipse\bibparser\node\TIdentifier.java
C:\Desenvolvimento\eclipse-mestrado-2\workspace_experimento_2\Original_Code-TeXlipse\source\net\sourceforge\texlipse\bibparser\node\TLBrace.java
C:\Desenvolvimento\eclipse-mestrado-2\workspace_experimento_2\Original_Code-TeXlipse\source\net\sourceforge\texlipse\bibparser\node\TLParen.java
C:\Desenvolvimento\eclipse-mestrado-2\workspace_experimento_2\Original_Code-TeXlipse\source\net\sourceforge\texlipse\bibparser\node\TNumber.java
C:\Desenvolvimento\eclipse-mestrado-2\workspace_experimento_2\Original_Code-TeXlipse\source\net\sourceforge\texlipse\bibparser\node\TPreamble.java
C:\Desenvolvimento\eclipse-mestrado-2\workspace_experimento_2\Original_Code-TeXlipse\source\net\sourceforge\texlipse\bibparser\node\TQuotec.java
C:\Desenvolvimento\eclipse-mestrado-2\workspace_experimento_2\Original_Code-TeXlipse\source\net\sourceforge\texlipse\bibparser\node\TRBrace.java
C:\Desenvolvimento\eclipse-mestrado-2\workspace_experimento_2\Original_Code-TeXlipse\source\net\sourceforge\texlipse\bibparser\node\TRParen.java
C:\Desenvolvimento\eclipse-mestrado-2\workspace_experimento_2\Original_Code-TeXlipse\source\net\sourceforge\texlipse\bibparser\node\TScribeComment.java
C:\Desenvolvimento\eclipse-mestrado-2\workspace_experimento_2\Original_Code-TeXlipse\source\net\sourceforge\texlipse\bibparser\node\TSharp.java
C:\Desenvolvimento\eclipse-mestrado-2\workspace_experimento_2\Original_Code-TeXlipse\source\net\sourceforge\texlipse\bibparser\node\TStringLiteral.java
C:\Desenvolvimento\eclipse-mestrado-2\workspace_experimento_2\Original_Code-TeXlipse\source\net\sourceforge\texlipse\bibparser\node\TTaskcomment.java
C:\Desenvolvimento\eclipse-mestrado-2\workspace_experimento_2\Original_Code-TeXlipse\source\net\sourceforge\texlipse\bibparser\node\TWhitespace.java
C:\Desenvolvimento\eclipse-mestrado-2\workspace_experimento_2\Original_Code-TeXlipse\source\net\sourceforge\texlipse\bibparser\node\Token.java
C:\Desenvolvimento\eclipse-mestrado-2\workspace_experimento_2\Original_Code-TeXlipse\source\net\sourceforge\texlipse\bibparser\parser\Parser.java
C:\Desenvolvimento\eclipse-mestrado-2\workspace_experimento_2\Original_Code-TeXlipse\source\net\sourceforge\texlipse\bibparser\parser\ParserException.java
C:\Desenvolvimento\eclipse-mestrado-2\workspace_experimento_2\Original_Code-TeXlipse\source\net\sourceforge\texlipse\bibparser\parser\State.java
C:\Desenvolvimento\eclipse-mestrado-2\workspace_experimento_2\Original_Code-TeXlipse\source\net\sourceforge\texlipse\bibparser\parser\TokenIndex.java
C:\Desenvolvimento\eclipse-mestrado-2\workspace_experimento_2\Original_Code-TeXlipse\source\net\sourceforge\texlipse\builder\AbstractBuilder.java
C:\Desenvolvimento\eclipse-mestrado-2\workspace_experimento_2\Original_Code-TeXlipse\source\net\sourceforge\texlipse\builder\AbstractProgramRunner.java
C:\Desenvolvimento\eclipse-mestrado-2\workspace_experimento_2\Original_Code-TeXlipse\source\net\sourceforge\texlipse\builder\BibtexRunner.java
C:\Desenvolvimento\eclipse-mestrado-2\workspace_experimento_2\Original_Code-TeXlipse\source\net\sourceforge\texlipse\builder\Builder.java
C:\Desenvolvimento\eclipse-mestrado-2\workspace_experimento_2\Original_Code-TeXlipse\source\net\sourceforge\texlipse\builder\BuilderChooser.java
C:\Desenvolvimento\eclipse-mestrado-2\workspace_experimento_2\Original_Code-TeXlipse\source\net\sourceforge\texlipse\builder\BuilderCoreException.java
C:\Desenvolvimento\eclipse-mestrado-2\workspace_experimento_2\Original_Code-TeXlipse\source\net\sourceforge\texlipse\builder\BuilderRegistry.java
C:\Desenvolvimento\eclipse-mestrado-2\workspace_experimento_2\Original_Code-TeXlipse\source\net\sourceforge\texlipse\builder\DviBuilder.java
C:\Desenvolvimento\eclipse-mestrado-2\workspace_experimento_2\Original_Code-TeXlipse\source\net\sourceforge\texlipse\builder\DvipdfRunner.java
C:\Desenvolvimento\eclipse-mestrado-2\workspace_experimento_2\Original_Code-TeXlipse\source\net\sourceforge\texlipse\builder\DvipsRunner.java
C:\Desenvolvimento\eclipse-mestrado-2\workspace_experimento_2\Original_Code-TeXlipse\source\net\sourceforge\texlipse\builder\ExternalProgram.java
C:\Desenvolvimento\eclipse-mestrado-2\workspace_experimento_2\Original_Code-TeXlipse\source\net\sourceforge\texlipse\builder\Kpath.java
C:\Desenvolvimento\eclipse-mestrado-2\workspace_experimento_2\Original_Code-TeXlipse\source\net\sourceforge\texlipse\builder\KpsewhichRunner.java
C:\Desenvolvimento\eclipse-mestrado-2\workspace_experimento_2\Original_Code-TeXlipse\source\net\sourceforge\texlipse\builder\LatexRunner.java
C:\Desenvolvimento\eclipse-mestrado-2\workspace_experimento_2\Original_Code-TeXlipse\source\net\sourceforge\texlipse\builder\MakeindexNomenclRunner.java
C:\Desenvolvimento\eclipse-mestrado-2\workspace_experimento_2\Original_Code-TeXlipse\source\net\sourceforge\texlipse\builder\MakeindexRunner.java
C:\Desenvolvimento\eclipse-mestrado-2\workspace_experimento_2\Original_Code-TeXlipse\source\net\sourceforge\texlipse\builder\OutputScanner.java
C:\Desenvolvimento\eclipse-mestrado-2\workspace_experimento_2\Original_Code-TeXlipse\source\net\sourceforge\texlipse\builder\PdflatexRunner.java
C:\Desenvolvimento\eclipse-mestrado-2\workspace_experimento_2\Original_Code-TeXlipse\source\net\sourceforge\texlipse\builder\ProgramRunner.java
C:\Desenvolvimento\eclipse-mestrado-2\workspace_experimento_2\Original_Code-TeXlipse\source\net\sourceforge\texlipse\builder\Ps2pdfRunner.java
C:\Desenvolvimento\eclipse-mestrado-2\workspace_experimento_2\Original_Code-TeXlipse\source\net\sourceforge\texlipse\builder\PsBuilder.java
C:\Desenvolvimento\eclipse-mestrado-2\workspace_experimento_2\Original_Code-TeXlipse\source\net\sourceforge\texlipse\builder\PslatexRunner.java
C:\Desenvolvimento\eclipse-mestrado-2\workspace_experimento_2\Original_Code-TeXlipse\source\net\sourceforge\texlipse\builder\TexBuilder.java
C:\Desenvolvimento\eclipse-mestrado-2\workspace_experimento_2\Original_Code-TeXlipse\source\net\sourceforge\texlipse\builder\TexlipseBuilder.java
C:\Desenvolvimento\eclipse-mestrado-2\workspace_experimento_2\Original_Code-TeXlipse\source\net\sourceforge\texlipse\builder\TexlipseNature.java
C:\Desenvolvimento\eclipse-mestrado-2\workspace_experimento_2\Original_Code-TeXlipse\source\net\sourceforge\texlipse\builder\XelatexRunner.java
C:\Desenvolvimento\eclipse-mestrado-2\workspace_experimento_2\Original_Code-TeXlipse\source\net\sourceforge\texlipse\editor\BracketInserter.java
C:\Desenvolvimento\eclipse-mestrado-2\workspace_experimento_2\Original_Code-TeXlipse\source\net\sourceforge\texlipse\editor\ColorManager.java
C:\Desenvolvimento\eclipse-mestrado-2\workspace_experimento_2\Original_Code-TeXlipse\source\net\sourceforge\texlipse\editor\HardLineWrap.java
C:\Desenvolvimento\eclipse-mestrado-2\workspace_experimento_2\Original_Code-TeXlipse\source\net\sourceforge\texlipse\editor\TeXSpellingReconcileStrategy.java
C:\Desenvolvimento\eclipse-mestrado-2\workspace_experimento_2\Original_Code-TeXlipse\source\net\sourceforge\texlipse\editor\TexAnnotationHover.java
C:\Desenvolvimento\eclipse-mestrado-2\workspace_experimento_2\Original_Code-TeXlipse\source\net\sourceforge\texlipse\editor\TexAutoIndentStrategy.java
C:\Desenvolvimento\eclipse-mestrado-2\workspace_experimento_2\Original_Code-TeXlipse\source\net\sourceforge\texlipse\editor\TexCodeFolder.java
C:\Desenvolvimento\eclipse-mestrado-2\workspace_experimento_2\Original_Code-TeXlipse\source\net\sourceforge\texlipse\editor\TexCompletionProcessor.java
C:\Desenvolvimento\eclipse-mestrado-2\workspace_experimento_2\Original_Code-TeXlipse\source\net\sourceforge\texlipse\editor\TexCompletionProposal.java
C:\Desenvolvimento\eclipse-mestrado-2\workspace_experimento_2\Original_Code-TeXlipse\source\net\sourceforge\texlipse\editor\TexDocumentParseException.java
C:\Desenvolvimento\eclipse-mestrado-2\workspace_experimento_2\Original_Code-TeXlipse\source\net\sourceforge\texlipse\editor\TexDocumentProvider.java
C:\Desenvolvimento\eclipse-mestrado-2\workspace_experimento_2\Original_Code-TeXlipse\source\net\sourceforge\texlipse\editor\TexDocumentSetupParticipant.java
C:\Desenvolvimento\eclipse-mestrado-2\workspace_experimento_2\Original_Code-TeXlipse\source\net\sourceforge\texlipse\editor\TexEditor.java
C:\Desenvolvimento\eclipse-mestrado-2\workspace_experimento_2\Original_Code-TeXlipse\source\net\sourceforge\texlipse\editor\TexEditorActionContributor.java
C:\Desenvolvimento\eclipse-mestrado-2\workspace_experimento_2\Original_Code-TeXlipse\source\net\sourceforge\texlipse\editor\TexEditorTools.java
C:\Desenvolvimento\eclipse-mestrado-2\workspace_experimento_2\Original_Code-TeXlipse\source\net\sourceforge\texlipse\editor\TexMathCompletionProcessor.java
C:\Desenvolvimento\eclipse-mestrado-2\workspace_experimento_2\Original_Code-TeXlipse\source\net\sourceforge\texlipse\editor\TexPairMatcher.java
C:\Desenvolvimento\eclipse-mestrado-2\workspace_experimento_2\Original_Code-TeXlipse\source\net\sourceforge\texlipse\editor\TexProjectionAnnotation.java
C:\Desenvolvimento\eclipse-mestrado-2\workspace_experimento_2\Original_Code-TeXlipse\source\net\sourceforge\texlipse\editor\TexQuoteListener.java
C:\Desenvolvimento\eclipse-mestrado-2\workspace_experimento_2\Original_Code-TeXlipse\source\net\sourceforge\texlipse\editor\TexSourceViewerConfiguration.java
C:\Desenvolvimento\eclipse-mestrado-2\workspace_experimento_2\Original_Code-TeXlipse\source\net\sourceforge\texlipse\editor\TexlipseAnnotationUpdater.java
C:\Desenvolvimento\eclipse-mestrado-2\workspace_experimento_2\Original_Code-TeXlipse\source\net\sourceforge\texlipse\editor\hover\TexHover.java
C:\Desenvolvimento\eclipse-mestrado-2\workspace_experimento_2\Original_Code-TeXlipse\source\net\sourceforge\texlipse\editor\hover\TexHoverControlCreator.java
C:\Desenvolvimento\eclipse-mestrado-2\workspace_experimento_2\Original_Code-TeXlipse\source\net\sourceforge\texlipse\editor\hover\TexInformationControl.java
C:\Desenvolvimento\eclipse-mestrado-2\workspace_experimento_2\Original_Code-TeXlipse\source\net\sourceforge\texlipse\editor\partitioner\BufferedDocumentScanner.java
C:\Desenvolvimento\eclipse-mestrado-2\workspace_experimento_2\Original_Code-TeXlipse\source\net\sourceforge\texlipse\editor\partitioner\FastLaTeXPartitionScanner.java
C:\Desenvolvimento\eclipse-mestrado-2\workspace_experimento_2\Original_Code-TeXlipse\source\net\sourceforge\texlipse\editor\scanner\TexCommentScanner.java
C:\Desenvolvimento\eclipse-mestrado-2\workspace_experimento_2\Original_Code-TeXlipse\source\net\sourceforge\texlipse\editor\scanner\TexEnvironmentRule.java
C:\Desenvolvimento\eclipse-mestrado-2\workspace_experimento_2\Original_Code-TeXlipse\source\net\sourceforge\texlipse\editor\scanner\TexMathScanner.java
C:\Desenvolvimento\eclipse-mestrado-2\workspace_experimento_2\Original_Code-TeXlipse\source\net\sourceforge\texlipse\editor\scanner\TexScanner.java
C:\Desenvolvimento\eclipse-mestrado-2\workspace_experimento_2\Original_Code-TeXlipse\source\net\sourceforge\texlipse\editor\scanner\TexSpecialCharRule.java
C:\Desenvolvimento\eclipse-mestrado-2\workspace_experimento_2\Original_Code-TeXlipse\source\net\sourceforge\texlipse\editor\scanner\TexWord.java
C:\Desenvolvimento\eclipse-mestrado-2\workspace_experimento_2\Original_Code-TeXlipse\source\net\sourceforge\texlipse\editor\scanner\TextWords.java
C:\Desenvolvimento\eclipse-mestrado-2\workspace_experimento_2\Original_Code-TeXlipse\source\net\sourceforge\texlipse\editor\scanner\WhitespaceDetector.java
C:\Desenvolvimento\eclipse-mestrado-2\workspace_experimento_2\Original_Code-TeXlipse\source\net\sourceforge\texlipse\model\AbstractEntry.java
C:\Desenvolvimento\eclipse-mestrado-2\workspace_experimento_2\Original_Code-TeXlipse\source\net\sourceforge\texlipse\model\CommandEntry.java
C:\Desenvolvimento\eclipse-mestrado-2\workspace_experimento_2\Original_Code-TeXlipse\source\net\sourceforge\texlipse\model\DocumentReference.java
C:\Desenvolvimento\eclipse-mestrado-2\workspace_experimento_2\Original_Code-TeXlipse\source\net\sourceforge\texlipse\model\MarkerHandler.java
C:\Desenvolvimento\eclipse-mestrado-2\workspace_experimento_2\Original_Code-TeXlipse\source\net\sourceforge\texlipse\model\OutlineNode.java
C:\Desenvolvimento\eclipse-mestrado-2\workspace_experimento_2\Original_Code-TeXlipse\source\net\sourceforge\texlipse\model\ParseErrorMessage.java
C:\Desenvolvimento\eclipse-mestrado-2\workspace_experimento_2\Original_Code-TeXlipse\source\net\sourceforge\texlipse\model\PartialRetriever.java
C:\Desenvolvimento\eclipse-mestrado-2\workspace_experimento_2\Original_Code-TeXlipse\source\net\sourceforge\texlipse\model\ReferenceContainer.java
C:\Desenvolvimento\eclipse-mestrado-2\workspace_experimento_2\Original_Code-TeXlipse\source\net\sourceforge\texlipse\model\ReferenceEntry.java
C:\Desenvolvimento\eclipse-mestrado-2\workspace_experimento_2\Original_Code-TeXlipse\source\net\sourceforge\texlipse\model\ReferenceManager.java
C:\Desenvolvimento\eclipse-mestrado-2\workspace_experimento_2\Original_Code-TeXlipse\source\net\sourceforge\texlipse\model\TexCommandContainer.java
C:\Desenvolvimento\eclipse-mestrado-2\workspace_experimento_2\Original_Code-TeXlipse\source\net\sourceforge\texlipse\model\TexCommandEntry.java
C:\Desenvolvimento\eclipse-mestrado-2\workspace_experimento_2\Original_Code-TeXlipse\source\net\sourceforge\texlipse\model\TexDocumentModel.java
C:\Desenvolvimento\eclipse-mestrado-2\workspace_experimento_2\Original_Code-TeXlipse\source\net\sourceforge\texlipse\model\TexOutlineInput.java
C:\Desenvolvimento\eclipse-mestrado-2\workspace_experimento_2\Original_Code-TeXlipse\source\net\sourceforge\texlipse\model\TexProjectParser.java
C:\Desenvolvimento\eclipse-mestrado-2\workspace_experimento_2\Original_Code-TeXlipse\source\net\sourceforge\texlipse\model\TexStyleCompletionManager.java
C:\Desenvolvimento\eclipse-mestrado-2\workspace_experimento_2\Original_Code-TeXlipse\source\net\sourceforge\texlipse\outline\TexContentProvider.java
C:\Desenvolvimento\eclipse-mestrado-2\workspace_experimento_2\Original_Code-TeXlipse\source\net\sourceforge\texlipse\outline\TexLabelProvider.java
C:\Desenvolvimento\eclipse-mestrado-2\workspace_experimento_2\Original_Code-TeXlipse\source\net\sourceforge\texlipse\outline\TexOutlineActionCopy.java
C:\Desenvolvimento\eclipse-mestrado-2\workspace_experimento_2\Original_Code-TeXlipse\source\net\sourceforge\texlipse\outline\TexOutlineActionCut.java
C:\Desenvolvimento\eclipse-mestrado-2\workspace_experimento_2\Original_Code-TeXlipse\source\net\sourceforge\texlipse\outline\TexOutlineActionDelete.java
C:\Desenvolvimento\eclipse-mestrado-2\workspace_experimento_2\Original_Code-TeXlipse\source\net\sourceforge\texlipse\outline\TexOutlineActionPaste.java
C:\Desenvolvimento\eclipse-mestrado-2\workspace_experimento_2\Original_Code-TeXlipse\source\net\sourceforge\texlipse\outline\TexOutlineActionUpdate.java
C:\Desenvolvimento\eclipse-mestrado-2\workspace_experimento_2\Original_Code-TeXlipse\source\net\sourceforge\texlipse\outline\TexOutlineDNDAdapter.java
C:\Desenvolvimento\eclipse-mestrado-2\workspace_experimento_2\Original_Code-TeXlipse\source\net\sourceforge\texlipse\outline\TexOutlineFilter.java
C:\Desenvolvimento\eclipse-mestrado-2\workspace_experimento_2\Original_Code-TeXlipse\source\net\sourceforge\texlipse\outline\TexOutlineNodeComparer.java
C:\Desenvolvimento\eclipse-mestrado-2\workspace_experimento_2\Original_Code-TeXlipse\source\net\sourceforge\texlipse\outline\TexOutlinePage.java
C:\Desenvolvimento\eclipse-mestrado-2\workspace_experimento_2\Original_Code-TeXlipse\source\net\sourceforge\texlipse\outline\TexProjectOutline.java
C:\Desenvolvimento\eclipse-mestrado-2\workspace_experimento_2\Original_Code-TeXlipse\source\net\sourceforge\texlipse\properties\BibColoringPreferencePage.java
C:\Desenvolvimento\eclipse-mestrado-2\workspace_experimento_2\Original_Code-TeXlipse\source\net\sourceforge\texlipse\properties\BibDirectoriesPreferencePage.java
C:\Desenvolvimento\eclipse-mestrado-2\workspace_experimento_2\Original_Code-TeXlipse\source\net\sourceforge\texlipse\properties\BibtexPreferencePage.java
C:\Desenvolvimento\eclipse-mestrado-2\workspace_experimento_2\Original_Code-TeXlipse\source\net\sourceforge\texlipse\properties\BuilderConfigDialog.java
C:\Desenvolvimento\eclipse-mestrado-2\workspace_experimento_2\Original_Code-TeXlipse\source\net\sourceforge\texlipse\properties\BuilderEnvPreferencePage.java
C:\Desenvolvimento\eclipse-mestrado-2\workspace_experimento_2\Original_Code-TeXlipse\source\net\sourceforge\texlipse\properties\BuilderSettingsPreferencePage.java
C:\Desenvolvimento\eclipse-mestrado-2\workspace_experimento_2\Original_Code-TeXlipse\source\net\sourceforge\texlipse\properties\KeyValueListFieldEditor.java
C:\Desenvolvimento\eclipse-mestrado-2\workspace_experimento_2\Original_Code-TeXlipse\source\net\sourceforge\texlipse\properties\LatexTempExtsPreferencePage.java
C:\Desenvolvimento\eclipse-mestrado-2\workspace_experimento_2\Original_Code-TeXlipse\source\net\sourceforge\texlipse\properties\ProjectTemplatesPreferencePage.java
C:\Desenvolvimento\eclipse-mestrado-2\workspace_experimento_2\Original_Code-TeXlipse\source\net\sourceforge\texlipse\properties\StringListFieldEditor.java
C:\Desenvolvimento\eclipse-mestrado-2\workspace_experimento_2\Original_Code-TeXlipse\source\net\sourceforge\texlipse\properties\TexlipseHelpIds.java
C:\Desenvolvimento\eclipse-mestrado-2\workspace_experimento_2\Original_Code-TeXlipse\source\net\sourceforge\texlipse\properties\TexlipsePreferenceInitializer.java
C:\Desenvolvimento\eclipse-mestrado-2\workspace_experimento_2\Original_Code-TeXlipse\source\net\sourceforge\texlipse\properties\TexlipsePreferencePage.java
C:\Desenvolvimento\eclipse-mestrado-2\workspace_experimento_2\Original_Code-TeXlipse\source\net\sourceforge\texlipse\properties\TexlipseProjectPropertyPage.java
C:\Desenvolvimento\eclipse-mestrado-2\workspace_experimento_2\Original_Code-TeXlipse\source\net\sourceforge\texlipse\properties\TexlipseProperties.java
C:\Desenvolvimento\eclipse-mestrado-2\workspace_experimento_2\Original_Code-TeXlipse\source\net\sourceforge\texlipse\properties\ViewerEnvPreferencePage.java
C:\Desenvolvimento\eclipse-mestrado-2\workspace_experimento_2\Original_Code-TeXlipse\source\net\sourceforge\texlipse\properties\ViewerListFieldEditor.java
C:\Desenvolvimento\eclipse-mestrado-2\workspace_experimento_2\Original_Code-TeXlipse\source\net\sourceforge\texlipse\properties\ViewerSettingsPreferencePage.java
C:\Desenvolvimento\eclipse-mestrado-2\workspace_experimento_2\Original_Code-TeXlipse\source\net\sourceforge\texlipse\properties\editor\CodeFoldingPreferencePage.java
C:\Desenvolvimento\eclipse-mestrado-2\workspace_experimento_2\Original_Code-TeXlipse\source\net\sourceforge\texlipse\properties\editor\ColoringPreferencePage.java
C:\Desenvolvimento\eclipse-mestrado-2\workspace_experimento_2\Original_Code-TeXlipse\source\net\sourceforge\texlipse\properties\editor\IndentationPreferencePage.java
C:\Desenvolvimento\eclipse-mestrado-2\workspace_experimento_2\Original_Code-TeXlipse\source\net\sourceforge\texlipse\properties\editor\OutlinePreferencePage.java
C:\Desenvolvimento\eclipse-mestrado-2\workspace_experimento_2\Original_Code-TeXlipse\source\net\sourceforge\texlipse\properties\editor\SmartKeyPreferencePage.java
C:\Desenvolvimento\eclipse-mestrado-2\workspace_experimento_2\Original_Code-TeXlipse\source\net\sourceforge\texlipse\properties\editor\StyleCompletionPreferencePage.java
C:\Desenvolvimento\eclipse-mestrado-2\workspace_experimento_2\Original_Code-TeXlipse\source\net\sourceforge\texlipse\properties\editor\StyleListFieldEditor.java
C:\Desenvolvimento\eclipse-mestrado-2\workspace_experimento_2\Original_Code-TeXlipse\source\net\sourceforge\texlipse\properties\editor\TexEditorPreferencePage.java
C:\Desenvolvimento\eclipse-mestrado-2\workspace_experimento_2\Original_Code-TeXlipse\source\net\sourceforge\texlipse\spelling\SpellCheckAction.java
C:\Desenvolvimento\eclipse-mestrado-2\workspace_experimento_2\Original_Code-TeXlipse\source\net\sourceforge\texlipse\spelling\SpellChecker.java
C:\Desenvolvimento\eclipse-mestrado-2\workspace_experimento_2\Original_Code-TeXlipse\source\net\sourceforge\texlipse\spelling\SpellCheckerEnvPreferencePage.java
C:\Desenvolvimento\eclipse-mestrado-2\workspace_experimento_2\Original_Code-TeXlipse\source\net\sourceforge\texlipse\spelling\SpellCheckerPreferencePage.java
C:\Desenvolvimento\eclipse-mestrado-2\workspace_experimento_2\Original_Code-TeXlipse\source\net\sourceforge\texlipse\spelling\SpellUncheckAction.java
C:\Desenvolvimento\eclipse-mestrado-2\workspace_experimento_2\Original_Code-TeXlipse\source\net\sourceforge\texlipse\spelling\SpellingCompletionProposal.java
C:\Desenvolvimento\eclipse-mestrado-2\workspace_experimento_2\Original_Code-TeXlipse\source\net\sourceforge\texlipse\spelling\SpellingMarkerResolution.java
C:\Desenvolvimento\eclipse-mestrado-2\workspace_experimento_2\Original_Code-TeXlipse\source\net\sourceforge\texlipse\spelling\SpellingResolutionGenerator.java
C:\Desenvolvimento\eclipse-mestrado-2\workspace_experimento_2\Original_Code-TeXlipse\source\net\sourceforge\texlipse\tableview\views\ITexRowListViewer.java
C:\Desenvolvimento\eclipse-mestrado-2\workspace_experimento_2\Original_Code-TeXlipse\source\net\sourceforge\texlipse\tableview\views\TexCellListener.java
C:\Desenvolvimento\eclipse-mestrado-2\workspace_experimento_2\Original_Code-TeXlipse\source\net\sourceforge\texlipse\tableview\views\TexCellModifier.java
C:\Desenvolvimento\eclipse-mestrado-2\workspace_experimento_2\Original_Code-TeXlipse\source\net\sourceforge\texlipse\tableview\views\TexRow.java
C:\Desenvolvimento\eclipse-mestrado-2\workspace_experimento_2\Original_Code-TeXlipse\source\net\sourceforge\texlipse\tableview\views\TexRowList.java
C:\Desenvolvimento\eclipse-mestrado-2\workspace_experimento_2\Original_Code-TeXlipse\source\net\sourceforge\texlipse\tableview\views\TexTableView.java
C:\Desenvolvimento\eclipse-mestrado-2\workspace_experimento_2\Original_Code-TeXlipse\source\net\sourceforge\texlipse\templates\BibTexContextType.java
C:\Desenvolvimento\eclipse-mestrado-2\workspace_experimento_2\Original_Code-TeXlipse\source\net\sourceforge\texlipse\templates\BibTexTemplateCompletion.java
C:\Desenvolvimento\eclipse-mestrado-2\workspace_experimento_2\Original_Code-TeXlipse\source\net\sourceforge\texlipse\templates\BibTexTemplatePreferencesPage.java
C:\Desenvolvimento\eclipse-mestrado-2\workspace_experimento_2\Original_Code-TeXlipse\source\net\sourceforge\texlipse\templates\CompletionProposalComparator.java
C:\Desenvolvimento\eclipse-mestrado-2\workspace_experimento_2\Original_Code-TeXlipse\source\net\sourceforge\texlipse\templates\ProjectTemplateManager.java
C:\Desenvolvimento\eclipse-mestrado-2\workspace_experimento_2\Original_Code-TeXlipse\source\net\sourceforge\texlipse\templates\ProposalsComparator.java
C:\Desenvolvimento\eclipse-mestrado-2\workspace_experimento_2\Original_Code-TeXlipse\source\net\sourceforge\texlipse\templates\TexContextType.java
C:\Desenvolvimento\eclipse-mestrado-2\workspace_experimento_2\Original_Code-TeXlipse\source\net\sourceforge\texlipse\templates\TexTemplateCompletion.java
C:\Desenvolvimento\eclipse-mestrado-2\workspace_experimento_2\Original_Code-TeXlipse\source\net\sourceforge\texlipse\templates\TexTemplatePreferencesPage.java
C:\Desenvolvimento\eclipse-mestrado-2\workspace_experimento_2\Original_Code-TeXlipse\source\net\sourceforge\texlipse\texparser\LatexLexer.java
C:\Desenvolvimento\eclipse-mestrado-2\workspace_experimento_2\Original_Code-TeXlipse\source\net\sourceforge\texlipse\texparser\LatexParser.java
C:\Desenvolvimento\eclipse-mestrado-2\workspace_experimento_2\Original_Code-TeXlipse\source\net\sourceforge\texlipse\texparser\LatexParserUtils.java
C:\Desenvolvimento\eclipse-mestrado-2\workspace_experimento_2\Original_Code-TeXlipse\source\net\sourceforge\texlipse\texparser\LatexRefExtractingParser.java
C:\Desenvolvimento\eclipse-mestrado-2\workspace_experimento_2\Original_Code-TeXlipse\source\net\sourceforge\texlipse\texparser\LatexWordCounter.java
C:\Desenvolvimento\eclipse-mestrado-2\workspace_experimento_2\Original_Code-TeXlipse\source\net\sourceforge\texlipse\texparser\TexParser.java
C:\Desenvolvimento\eclipse-mestrado-2\workspace_experimento_2\Original_Code-TeXlipse\source\net\sourceforge\texlipse\texparser\analysis\Analysis.java
C:\Desenvolvimento\eclipse-mestrado-2\workspace_experimento_2\Original_Code-TeXlipse\source\net\sourceforge\texlipse\texparser\analysis\AnalysisAdapter.java
C:\Desenvolvimento\eclipse-mestrado-2\workspace_experimento_2\Original_Code-TeXlipse\source\net\sourceforge\texlipse\texparser\lexer\Lexer.java
C:\Desenvolvimento\eclipse-mestrado-2\workspace_experimento_2\Original_Code-TeXlipse\source\net\sourceforge\texlipse\texparser\lexer\LexerException.java
C:\Desenvolvimento\eclipse-mestrado-2\workspace_experimento_2\Original_Code-TeXlipse\source\net\sourceforge\texlipse\texparser\node\EOF.java
C:\Desenvolvimento\eclipse-mestrado-2\workspace_experimento_2\Original_Code-TeXlipse\source\net\sourceforge\texlipse\texparser\node\Node.java
C:\Desenvolvimento\eclipse-mestrado-2\workspace_experimento_2\Original_Code-TeXlipse\source\net\sourceforge\texlipse\texparser\node\Switch.java
C:\Desenvolvimento\eclipse-mestrado-2\workspace_experimento_2\Original_Code-TeXlipse\source\net\sourceforge\texlipse\texparser\node\Switchable.java
C:\Desenvolvimento\eclipse-mestrado-2\workspace_experimento_2\Original_Code-TeXlipse\source\net\sourceforge\texlipse\texparser\node\TArgument.java
C:\Desenvolvimento\eclipse-mestrado-2\workspace_experimento_2\Original_Code-TeXlipse\source\net\sourceforge\texlipse\texparser\node\TBverbatim.java
C:\Desenvolvimento\eclipse-mestrado-2\workspace_experimento_2\Original_Code-TeXlipse\source\net\sourceforge\texlipse\texparser\node\TCbegin.java
C:\Desenvolvimento\eclipse-mestrado-2\workspace_experimento_2\Original_Code-TeXlipse\source\net\sourceforge\texlipse\texparser\node\TCbib.java
C:\Desenvolvimento\eclipse-mestrado-2\workspace_experimento_2\Original_Code-TeXlipse\source\net\sourceforge\texlipse\texparser\node\TCbibstyle.java
C:\Desenvolvimento\eclipse-mestrado-2\workspace_experimento_2\Original_Code-TeXlipse\source\net\sourceforge\texlipse\texparser\node\TCchapter.java
C:\Desenvolvimento\eclipse-mestrado-2\workspace_experimento_2\Original_Code-TeXlipse\source\net\sourceforge\texlipse\texparser\node\TCcite.java
C:\Desenvolvimento\eclipse-mestrado-2\workspace_experimento_2\Original_Code-TeXlipse\source\net\sourceforge\texlipse\texparser\node\TCend.java
C:\Desenvolvimento\eclipse-mestrado-2\workspace_experimento_2\Original_Code-TeXlipse\source\net\sourceforge\texlipse\texparser\node\TCinclude.java
C:\Desenvolvimento\eclipse-mestrado-2\workspace_experimento_2\Original_Code-TeXlipse\source\net\sourceforge\texlipse\texparser\node\TCinput.java
C:\Desenvolvimento\eclipse-mestrado-2\workspace_experimento_2\Original_Code-TeXlipse\source\net\sourceforge\texlipse\texparser\node\TClabel.java
C:\Desenvolvimento\eclipse-mestrado-2\workspace_experimento_2\Original_Code-TeXlipse\source\net\sourceforge\texlipse\texparser\node\TCnew.java
C:\Desenvolvimento\eclipse-mestrado-2\workspace_experimento_2\Original_Code-TeXlipse\source\net\sourceforge\texlipse\texparser\node\TCommentline.java
C:\Desenvolvimento\eclipse-mestrado-2\workspace_experimento_2\Original_Code-TeXlipse\source\net\sourceforge\texlipse\texparser\node\TCparagraph.java
C:\Desenvolvimento\eclipse-mestrado-2\workspace_experimento_2\Original_Code-TeXlipse\source\net\sourceforge\texlipse\texparser\node\TCpart.java
C:\Desenvolvimento\eclipse-mestrado-2\workspace_experimento_2\Original_Code-TeXlipse\source\net\sourceforge\texlipse\texparser\node\TCpindex.java
C:\Desenvolvimento\eclipse-mestrado-2\workspace_experimento_2\Original_Code-TeXlipse\source\net\sourceforge\texlipse\texparser\node\TCref.java
C:\Desenvolvimento\eclipse-mestrado-2\workspace_experimento_2\Original_Code-TeXlipse\source\net\sourceforge\texlipse\texparser\node\TCrenew.java
C:\Desenvolvimento\eclipse-mestrado-2\workspace_experimento_2\Original_Code-TeXlipse\source\net\sourceforge\texlipse\texparser\node\TCsection.java
C:\Desenvolvimento\eclipse-mestrado-2\workspace_experimento_2\Original_Code-TeXlipse\source\net\sourceforge\texlipse\texparser\node\TCspace.java
C:\Desenvolvimento\eclipse-mestrado-2\workspace_experimento_2\Original_Code-TeXlipse\source\net\sourceforge\texlipse\texparser\node\TCssection.java
C:\Desenvolvimento\eclipse-mestrado-2\workspace_experimento_2\Original_Code-TeXlipse\source\net\sourceforge\texlipse\texparser\node\TCsssection.java
C:\Desenvolvimento\eclipse-mestrado-2\workspace_experimento_2\Original_Code-TeXlipse\source\net\sourceforge\texlipse\texparser\node\TCsymbol.java
C:\Desenvolvimento\eclipse-mestrado-2\workspace_experimento_2\Original_Code-TeXlipse\source\net\sourceforge\texlipse\texparser\node\TCverb.java
C:\Desenvolvimento\eclipse-mestrado-2\workspace_experimento_2\Original_Code-TeXlipse\source\net\sourceforge\texlipse\texparser\node\TCword.java
C:\Desenvolvimento\eclipse-mestrado-2\workspace_experimento_2\Original_Code-TeXlipse\source\net\sourceforge\texlipse\texparser\node\TEverbatim.java
C:\Desenvolvimento\eclipse-mestrado-2\workspace_experimento_2\Original_Code-TeXlipse\source\net\sourceforge\texlipse\texparser\node\TLBrace.java
C:\Desenvolvimento\eclipse-mestrado-2\workspace_experimento_2\Original_Code-TeXlipse\source\net\sourceforge\texlipse\texparser\node\TLBracket.java
C:\Desenvolvimento\eclipse-mestrado-2\workspace_experimento_2\Original_Code-TeXlipse\source\net\sourceforge\texlipse\texparser\node\TOptargument.java
C:\Desenvolvimento\eclipse-mestrado-2\workspace_experimento_2\Original_Code-TeXlipse\source\net\sourceforge\texlipse\texparser\node\TRBrace.java
C:\Desenvolvimento\eclipse-mestrado-2\workspace_experimento_2\Original_Code-TeXlipse\source\net\sourceforge\texlipse\texparser\node\TRBracket.java
C:\Desenvolvimento\eclipse-mestrado-2\workspace_experimento_2\Original_Code-TeXlipse\source\net\sourceforge\texlipse\texparser\node\TSkippedArea.java
C:\Desenvolvimento\eclipse-mestrado-2\workspace_experimento_2\Original_Code-TeXlipse\source\net\sourceforge\texlipse\texparser\node\TStar.java
C:\Desenvolvimento\eclipse-mestrado-2\workspace_experimento_2\Original_Code-TeXlipse\source\net\sourceforge\texlipse\texparser\node\TTaskcomment.java
C:\Desenvolvimento\eclipse-mestrado-2\workspace_experimento_2\Original_Code-TeXlipse\source\net\sourceforge\texlipse\texparser\node\TVtext.java
C:\Desenvolvimento\eclipse-mestrado-2\workspace_experimento_2\Original_Code-TeXlipse\source\net\sourceforge\texlipse\texparser\node\TWhitespace.java
C:\Desenvolvimento\eclipse-mestrado-2\workspace_experimento_2\Original_Code-TeXlipse\source\net\sourceforge\texlipse\texparser\node\TWord.java
C:\Desenvolvimento\eclipse-mestrado-2\workspace_experimento_2\Original_Code-TeXlipse\source\net\sourceforge\texlipse\texparser\node\Token.java
C:\Desenvolvimento\eclipse-mestrado-2\workspace_experimento_2\Original_Code-TeXlipse\source\net\sourceforge\texlipse\treeview\views\TexFullOutlineActionUpdate.java
C:\Desenvolvimento\eclipse-mestrado-2\workspace_experimento_2\Original_Code-TeXlipse\source\net\sourceforge\texlipse\treeview\views\TexOutlineTreeView.java
C:\Desenvolvimento\eclipse-mestrado-2\workspace_experimento_2\Original_Code-TeXlipse\source\net\sourceforge\texlipse\ui\KpathseaProvider.java
C:\Desenvolvimento\eclipse-mestrado-2\workspace_experimento_2\Original_Code-TeXlipse\source\net\sourceforge\texlipse\viewer\TexLaunchConfigurationDelegate.java
C:\Desenvolvimento\eclipse-mestrado-2\workspace_experimento_2\Original_Code-TeXlipse\source\net\sourceforge\texlipse\viewer\TexLaunchConfigurationTab.java
C:\Desenvolvimento\eclipse-mestrado-2\workspace_experimento_2\Original_Code-TeXlipse\source\net\sourceforge\texlipse\viewer\TexLaunchConfigurationTabGroup.java
C:\Desenvolvimento\eclipse-mestrado-2\workspace_experimento_2\Original_Code-TeXlipse\source\net\sourceforge\texlipse\viewer\ViewerAttributeRegistry.java
C:\Desenvolvimento\eclipse-mestrado-2\workspace_experimento_2\Original_Code-TeXlipse\source\net\sourceforge\texlipse\viewer\ViewerConfigDialog.java
C:\Desenvolvimento\eclipse-mestrado-2\workspace_experimento_2\Original_Code-TeXlipse\source\net\sourceforge\texlipse\viewer\ViewerManager.java
C:\Desenvolvimento\eclipse-mestrado-2\workspace_experimento_2\Original_Code-TeXlipse\source\net\sourceforge\texlipse\viewer\ViewerOutputScanner.java
C:\Desenvolvimento\eclipse-mestrado-2\workspace_experimento_2\Original_Code-TeXlipse\source\net\sourceforge\texlipse\viewer\util\FileLocationClient.java
C:\Desenvolvimento\eclipse-mestrado-2\workspace_experimento_2\Original_Code-TeXlipse\source\net\sourceforge\texlipse\viewer\util\FileLocationListener.java
C:\Desenvolvimento\eclipse-mestrado-2\workspace_experimento_2\Original_Code-TeXlipse\source\net\sourceforge\texlipse\viewer\util\FileLocationServer.java
C:\Desenvolvimento\eclipse-mestrado-2\workspace_experimento_2\Original_Code-TeXlipse\source\net\sourceforge\texlipse\viewer\util\ViewerErrorScanner.java
C:\Desenvolvimento\eclipse-mestrado-2\workspace_experimento_2\Original_Code-TeXlipse\source\net\sourceforge\texlipse\wizards\TexlipseProjectAttributes.java
C:\Desenvolvimento\eclipse-mestrado-2\workspace_experimento_2\Original_Code-TeXlipse\source\net\sourceforge\texlipse\wizards\TexlipseProjectCreationOperation.java
C:\Desenvolvimento\eclipse-mestrado-2\workspace_experimento_2\Original_Code-TeXlipse\source\net\sourceforge\texlipse\wizards\TexlipseProjectCreationWizard.java
C:\Desenvolvimento\eclipse-mestrado-2\workspace_experimento_2\Original_Code-TeXlipse\source\net\sourceforge\texlipse\wizards\TexlipseProjectCreationWizardPage.java
C:\Desenvolvimento\eclipse-mestrado-2\workspace_experimento_2\Original_Code-TeXlipse\source\net\sourceforge\texlipse\wizards\TexlipseProjectFilesWizardPage.java
C:\Desenvolvimento\eclipse-mestrado-2\workspace_experimento_2\Original_Code-TeXlipse\source\net\sourceforge\texlipse\wizards\TexlipseWizardPage.java
