src/lancs/mobilemedia/core/comms/BaseMessaging.java
src/lancs/mobilemedia/core/ui/MainUIMidlet.java
src/lancs/mobilemedia/core/ui/controller/ControllerInterface.java
src/lancs/mobilemedia/core/ui/controller/AbstractController.java
src/lancs/mobilemedia/core/ui/controller/BaseController.java
src/lancs/mobilemedia/core/ui/controller/AlbumController.java
src/lancs/mobilemedia/core/ui/controller/MediaController.java
src/lancs/mobilemedia/core/ui/controller/MediaListController.java
src/lancs/mobilemedia/core/ui/controller/ScreenSingleton.java
src/lancs/mobilemedia/core/ui/datamodel/AlbumData.java
src/lancs/mobilemedia/core/ui/datamodel/MediaAccessor.java
src/lancs/mobilemedia/core/ui/datamodel/MediaData.java
src/lancs/mobilemedia/core/ui/screens/AddMediaToAlbum.java
src/lancs/mobilemedia/core/ui/screens/AlbumListScreen.java
src/lancs/mobilemedia/core/ui/screens/MediaListScreen.java
src/lancs/mobilemedia/core/ui/screens/NewLabelScreen.java
src/lancs/mobilemedia/core/ui/screens/SplashScreen.java
src/lancs/mobilemedia/core/util/Constants.java
src/lancs/mobilemedia/core/util/MediaUtil.java
src/lancs/mobilemedia/lib/exceptions/MediaNotFoundException.java
src/lancs/mobilemedia/lib/exceptions/MediaPathNotValidException.java
src/lancs/mobilemedia/lib/exceptions/InvalidArrayFormatException.java
src/lancs/mobilemedia/lib/exceptions/InvalidMediaDataException.java
src/lancs/mobilemedia/lib/exceptions/InvalidMediaFormatException.java
src/lancs/mobilemedia/lib/exceptions/PersistenceMechanismException.java
src/lancs/mobilemedia/lib/exceptions/UnavailablePhotoAlbumException.java
src/lancs/mobilemedia/lib/exceptions/InvalidAlbumNameException.java
src/lancs/mobilemedia/aspects/exceptionblocks/UtilAspectEH.aj
src/lancs/mobilemedia/aspects/exceptionblocks/DataModelAspectEH.aj
src/lancs/mobilemedia/aspects/exceptionblocks/ControllerAspectEH.aj

# This configuration (Instance C03) includes only the Video alternative feature
# All optional features are included
# Photo and Music alternative features are not included.

# Video
src/lancs/mobilemedia/alternative/video/AbstractVideoAspect.aj
src/lancs/mobilemedia/alternative/video/PlayVideoController.java
src/lancs/mobilemedia/alternative/video/PlayVideoScreen.java
src/lancs/mobilemedia/alternative/video/VideoAlbumData.java
src/lancs/mobilemedia/alternative/video/VideoAspect.aj
src/lancs/mobilemedia/alternative/video/VideoMediaAccessor.java
src/lancs/mobilemedia/alternative/video/VideoNotPhotoNotMusic.aj

# Music OR Video
src/lancs/mobilemedia/alternative/musicvideo/MultiMediaAccessor.java
src/lancs/mobilemedia/alternative/musicvideo/MusicOrVideo.aj
src/lancs/mobilemedia/alternative/musicvideo/MultiMediaUtil.java

# Alternative features
src/lancs/mobilemedia/alternative/OneAlternativeFeature.aj
src/lancs/mobilemedia/alternative/AbstractAlternativeFeature.aj

# Sorting
src/lancs/mobilemedia/optional/sorting/SortingAspect.aj

# Favourites
src/lancs/mobilemedia/optional/favourites/FavouritesAspect.aj
src/lancs/mobilemedia/optional/favourites/PersisteFavoritesAspect.aj

# Sorting AND Favourites
src/lancs/mobilemedia/optional/SortingAndFavorites.aj

# Copy
src/lancs/mobilemedia/optional/copy/CopyAspect.aj
src/lancs/mobilemedia/optional/copy/CopyTargets.java

# Copy AND Video
src/lancs/mobilemedia/optional/copy/CopyMultiMediaAspect.aj
src/lancs/mobilemedia/alternative/video/optional/CopyAndVideo.aj

# Copy OR SMS
src/lancs/mobilemedia/optional/copySMS/PhotoViewController.java

# Video AND All Optional Features
src/lancs/mobilemedia/optional/VideoAndOptionalFeatures.aj

# Capture Video
src/lancs/mobilemedia/optional/capture/CaptureVideoScreen.java
src/lancs/mobilemedia/optional/capturevideo/CaptureVideoAspect.aj
src/lancs/mobilemedia/optional/capturevideo/VideoCaptureController.java

# SMS OR Capture TODO: I think this aspect is not related to Capture.
src/lancs/mobilemedia/optional/smsorcapturephotoorvideo/SmsOrCapturePhotoOrVideo.aj