src/lancs/mobilemedia/core/comms/BaseMessaging.java
src/lancs/mobilemedia/core/ui/MainUIMidlet.java
src/lancs/mobilemedia/core/ui/controller/ControllerInterface.java
src/lancs/mobilemedia/core/ui/controller/AbstractController.java
src/lancs/mobilemedia/core/ui/controller/BaseController.java
src/lancs/mobilemedia/core/ui/controller/AlbumController.java
src/lancs/mobilemedia/core/ui/controller/MediaController.java
src/lancs/mobilemedia/core/ui/controller/MediaListController.java
src/lancs/mobilemedia/core/ui/controller/ScreenSingleton.java
src/lancs/mobilemedia/core/ui/datamodel/AlbumData.java
src/lancs/mobilemedia/core/ui/datamodel/MediaAccessor.java
src/lancs/mobilemedia/core/ui/datamodel/MediaData.java
src/lancs/mobilemedia/core/ui/screens/AddMediaToAlbum.java
src/lancs/mobilemedia/core/ui/screens/AlbumListScreen.java
src/lancs/mobilemedia/core/ui/screens/MediaListScreen.java
src/lancs/mobilemedia/core/ui/screens/NewLabelScreen.java
src/lancs/mobilemedia/core/ui/screens/SplashScreen.java
src/lancs/mobilemedia/core/util/Constants.java
src/lancs/mobilemedia/core/util/MediaUtil.java
src/lancs/mobilemedia/lib/exceptions/MediaNotFoundException.java
src/lancs/mobilemedia/lib/exceptions/MediaPathNotValidException.java
src/lancs/mobilemedia/lib/exceptions/InvalidArrayFormatException.java
src/lancs/mobilemedia/lib/exceptions/InvalidMediaDataException.java
src/lancs/mobilemedia/lib/exceptions/InvalidMediaFormatException.java
src/lancs/mobilemedia/lib/exceptions/PersistenceMechanismException.java
src/lancs/mobilemedia/lib/exceptions/UnavailablePhotoAlbumException.java
src/lancs/mobilemedia/lib/exceptions/InvalidAlbumNameException.java
src/lancs/mobilemedia/aspects/exceptionblocks/UtilAspectEH.aj
src/lancs/mobilemedia/aspects/exceptionblocks/DataModelAspectEH.aj
src/lancs/mobilemedia/aspects/exceptionblocks/ControllerAspectEH.aj

# This configuration (Instance A03) includes:
# - The Photo alternative feature
# - All optional features (Sorting, Favourites, Copy, SMS, Capture)
# Music and Video alternative features are not included.

# Photo
src/lancs/mobilemedia/alternative/photo/AbstractPhotoAspect.aj
src/lancs/mobilemedia/alternative/photo/PhotoAspect.aj
src/lancs/mobilemedia/alternative/photo/PhotoNotVideoNotMusic.aj
src/lancs/mobilemedia/alternative/photo/ImageAlbumData.java
src/lancs/mobilemedia/alternative/photo/ImageMediaAccessor.java
src/lancs/mobilemedia/alternative/photo/PhotoViewScreen.java
src/lancs/mobilemedia/alternative/photo/exceptionblocks/ScreensAspectEH.aj

# OneAlternativeFeature and TwoAlternativeFeatures cannot be included in the same instance
src/lancs/mobilemedia/alternative/OneAlternativeFeature.aj
src/lancs/mobilemedia/alternative/AbstractAlternativeFeature.aj

# Sorting
src/lancs/mobilemedia/optional/sorting/SortingAspect.aj

# Favourites
src/lancs/mobilemedia/optional/favourites/FavouritesAspect.aj
src/lancs/mobilemedia/optional/favourites/PersisteFavoritesAspect.aj

# Sorting AND Favourites
src/lancs/mobilemedia/optional/SortingAndFavorites.aj

# Copy
#src/lancs/mobilemedia/optional/copy/CopyMultiMediaAspect.aj
src/lancs/mobilemedia/optional/copy/CopyTargets.java
src/lancs/mobilemedia/optional/copy/CopyAspect.aj

# SMS
src/lancs/mobilemedia/optional/sms/SMSAspect.aj
src/lancs/mobilemedia/optional/sms/NetworkScreen.java
src/lancs/mobilemedia/optional/sms/SmsMessaging.java
src/lancs/mobilemedia/optional/sms/SmsReceiverController.java
src/lancs/mobilemedia/optional/sms/SmsReceiverThread.java
src/lancs/mobilemedia/optional/sms/SmsSenderController.java
src/lancs/mobilemedia/optional/sms/SmsSenderThread.java

# Copy AND Photo
src/lancs/mobilemedia/alternative/photo/optional/CopyAndPhoto.aj

# Copy OR SMS
src/lancs/mobilemedia/optional/copySMS/PhotoViewController.java
src/lancs/mobilemedia/optional/smsorcapturephoto/SmSOrCapturePhoto.aj

# Capture
src/lancs/mobilemedia/optional/capture/CaptureVideoScreen.java
src/lancs/mobilemedia/optional/capturephoto/CapturePhotoAspect.aj

# SMS OR Capture
src/lancs/mobilemedia/optional/smsorcapturephotoorvideo/SmsOrCapturePhotoOrVideo.aj