C:\Desenvolvimento\eclipse-mestrado-3\workspace\ORIGINAL_Metrics\src\classycle\graph\AtomicVertex.java
C:\Desenvolvimento\eclipse-mestrado-3\workspace\ORIGINAL_Metrics\src\classycle\graph\Attributes.java
C:\Desenvolvimento\eclipse-mestrado-3\workspace\ORIGINAL_Metrics\src\classycle\graph\GraphAttributes.java
C:\Desenvolvimento\eclipse-mestrado-3\workspace\ORIGINAL_Metrics\src\classycle\graph\GraphProcessor.java
C:\Desenvolvimento\eclipse-mestrado-3\workspace\ORIGINAL_Metrics\src\classycle\graph\LongestWalkProcessor.java
C:\Desenvolvimento\eclipse-mestrado-3\workspace\ORIGINAL_Metrics\src\classycle\graph\StrongComponent.java
C:\Desenvolvimento\eclipse-mestrado-3\workspace\ORIGINAL_Metrics\src\classycle\graph\StrongComponentProcessor.java
C:\Desenvolvimento\eclipse-mestrado-3\workspace\ORIGINAL_Metrics\src\classycle\graph\Vertex.java
C:\Desenvolvimento\eclipse-mestrado-3\workspace\ORIGINAL_Metrics\src\com\touchgraph\graphlayout\Edge.java
C:\Desenvolvimento\eclipse-mestrado-3\workspace\ORIGINAL_Metrics\src\com\touchgraph\graphlayout\GLPanel.java
C:\Desenvolvimento\eclipse-mestrado-3\workspace\ORIGINAL_Metrics\src\com\touchgraph\graphlayout\GraphLayoutApplet.java
C:\Desenvolvimento\eclipse-mestrado-3\workspace\ORIGINAL_Metrics\src\com\touchgraph\graphlayout\GraphListener.java
C:\Desenvolvimento\eclipse-mestrado-3\workspace\ORIGINAL_Metrics\src\com\touchgraph\graphlayout\LocalityUtils.java
C:\Desenvolvimento\eclipse-mestrado-3\workspace\ORIGINAL_Metrics\src\com\touchgraph\graphlayout\Node.java
C:\Desenvolvimento\eclipse-mestrado-3\workspace\ORIGINAL_Metrics\src\com\touchgraph\graphlayout\TGAbstractLens.java
C:\Desenvolvimento\eclipse-mestrado-3\workspace\ORIGINAL_Metrics\src\com\touchgraph\graphlayout\TGException.java
C:\Desenvolvimento\eclipse-mestrado-3\workspace\ORIGINAL_Metrics\src\com\touchgraph\graphlayout\TGLayout.java
C:\Desenvolvimento\eclipse-mestrado-3\workspace\ORIGINAL_Metrics\src\com\touchgraph\graphlayout\TGLensSet.java
C:\Desenvolvimento\eclipse-mestrado-3\workspace\ORIGINAL_Metrics\src\com\touchgraph\graphlayout\TGPaintListener.java
C:\Desenvolvimento\eclipse-mestrado-3\workspace\ORIGINAL_Metrics\src\com\touchgraph\graphlayout\TGPanel.java
C:\Desenvolvimento\eclipse-mestrado-3\workspace\ORIGINAL_Metrics\src\com\touchgraph\graphlayout\TGPoint2D.java
C:\Desenvolvimento\eclipse-mestrado-3\workspace\ORIGINAL_Metrics\src\com\touchgraph\graphlayout\TGScrollPane.java
C:\Desenvolvimento\eclipse-mestrado-3\workspace\ORIGINAL_Metrics\src\com\touchgraph\graphlayout\graphelements\GESUtils.java
C:\Desenvolvimento\eclipse-mestrado-3\workspace\ORIGINAL_Metrics\src\com\touchgraph\graphlayout\graphelements\GraphEltSet.java
C:\Desenvolvimento\eclipse-mestrado-3\workspace\ORIGINAL_Metrics\src\com\touchgraph\graphlayout\graphelements\ImmutableGraphEltSet.java
C:\Desenvolvimento\eclipse-mestrado-3\workspace\ORIGINAL_Metrics\src\com\touchgraph\graphlayout\graphelements\Locality.java
C:\Desenvolvimento\eclipse-mestrado-3\workspace\ORIGINAL_Metrics\src\com\touchgraph\graphlayout\graphelements\TGForEachEdge.java
C:\Desenvolvimento\eclipse-mestrado-3\workspace\ORIGINAL_Metrics\src\com\touchgraph\graphlayout\graphelements\TGForEachNode.java
C:\Desenvolvimento\eclipse-mestrado-3\workspace\ORIGINAL_Metrics\src\com\touchgraph\graphlayout\graphelements\TGForEachNodePair.java
C:\Desenvolvimento\eclipse-mestrado-3\workspace\ORIGINAL_Metrics\src\com\touchgraph\graphlayout\graphelements\TGNodeQueue.java
C:\Desenvolvimento\eclipse-mestrado-3\workspace\ORIGINAL_Metrics\src\com\touchgraph\graphlayout\graphelements\VisibleLocality.java
C:\Desenvolvimento\eclipse-mestrado-3\workspace\ORIGINAL_Metrics\src\com\touchgraph\graphlayout\interaction\DragAddUI.java
C:\Desenvolvimento\eclipse-mestrado-3\workspace\ORIGINAL_Metrics\src\com\touchgraph\graphlayout\interaction\DragMultiselectUI.java
C:\Desenvolvimento\eclipse-mestrado-3\workspace\ORIGINAL_Metrics\src\com\touchgraph\graphlayout\interaction\DragNodeUI.java
C:\Desenvolvimento\eclipse-mestrado-3\workspace\ORIGINAL_Metrics\src\com\touchgraph\graphlayout\interaction\GLEditUI.java
C:\Desenvolvimento\eclipse-mestrado-3\workspace\ORIGINAL_Metrics\src\com\touchgraph\graphlayout\interaction\GLNavigateUI.java
C:\Desenvolvimento\eclipse-mestrado-3\workspace\ORIGINAL_Metrics\src\com\touchgraph\graphlayout\interaction\HVRotateDragUI.java
C:\Desenvolvimento\eclipse-mestrado-3\workspace\ORIGINAL_Metrics\src\com\touchgraph\graphlayout\interaction\HVScroll.java
C:\Desenvolvimento\eclipse-mestrado-3\workspace\ORIGINAL_Metrics\src\com\touchgraph\graphlayout\interaction\HyperScroll.java
C:\Desenvolvimento\eclipse-mestrado-3\workspace\ORIGINAL_Metrics\src\com\touchgraph\graphlayout\interaction\LocalityScroll.java
C:\Desenvolvimento\eclipse-mestrado-3\workspace\ORIGINAL_Metrics\src\com\touchgraph\graphlayout\interaction\RotateScroll.java
C:\Desenvolvimento\eclipse-mestrado-3\workspace\ORIGINAL_Metrics\src\com\touchgraph\graphlayout\interaction\TGAbstractClickUI.java
C:\Desenvolvimento\eclipse-mestrado-3\workspace\ORIGINAL_Metrics\src\com\touchgraph\graphlayout\interaction\TGAbstractDragUI.java
C:\Desenvolvimento\eclipse-mestrado-3\workspace\ORIGINAL_Metrics\src\com\touchgraph\graphlayout\interaction\TGAbstractMouseMotionUI.java
C:\Desenvolvimento\eclipse-mestrado-3\workspace\ORIGINAL_Metrics\src\com\touchgraph\graphlayout\interaction\TGAbstractMousePausedUI.java
C:\Desenvolvimento\eclipse-mestrado-3\workspace\ORIGINAL_Metrics\src\com\touchgraph\graphlayout\interaction\TGSelfDeactivatingUI.java
C:\Desenvolvimento\eclipse-mestrado-3\workspace\ORIGINAL_Metrics\src\com\touchgraph\graphlayout\interaction\TGUIManager.java
C:\Desenvolvimento\eclipse-mestrado-3\workspace\ORIGINAL_Metrics\src\com\touchgraph\graphlayout\interaction\TGUserInterface.java
C:\Desenvolvimento\eclipse-mestrado-3\workspace\ORIGINAL_Metrics\src\com\touchgraph\graphlayout\interaction\ZoomScroll.java
C:\Desenvolvimento\eclipse-mestrado-3\workspace\ORIGINAL_Metrics\src\net\sourceforge\metrics\ant\AntConsoleProgressMonitor.java
C:\Desenvolvimento\eclipse-mestrado-3\workspace\ORIGINAL_Metrics\src\net\sourceforge\metrics\ant\EnableMetricsTask.java
C:\Desenvolvimento\eclipse-mestrado-3\workspace\ORIGINAL_Metrics\src\net\sourceforge\metrics\ant\ExportMetricsTask.java
C:\Desenvolvimento\eclipse-mestrado-3\workspace\ORIGINAL_Metrics\src\net\sourceforge\metrics\ant\ProjectBuild.java
C:\Desenvolvimento\eclipse-mestrado-3\workspace\ORIGINAL_Metrics\src\net\sourceforge\metrics\ant\ProjectBuildWorkspaceModifyOperation.java
C:\Desenvolvimento\eclipse-mestrado-3\workspace\ORIGINAL_Metrics\src\net\sourceforge\metrics\builder\IMetricsProgressListener.java
C:\Desenvolvimento\eclipse-mestrado-3\workspace\ORIGINAL_Metrics\src\net\sourceforge\metrics\builder\MetricsBuilder.java
C:\Desenvolvimento\eclipse-mestrado-3\workspace\ORIGINAL_Metrics\src\net\sourceforge\metrics\builder\MetricsNature.java
C:\Desenvolvimento\eclipse-mestrado-3\workspace\ORIGINAL_Metrics\src\net\sourceforge\metrics\builder\ProgressQueue.java
C:\Desenvolvimento\eclipse-mestrado-3\workspace\ORIGINAL_Metrics\src\net\sourceforge\metrics\builder\Semaphore.java
C:\Desenvolvimento\eclipse-mestrado-3\workspace\ORIGINAL_Metrics\src\net\sourceforge\metrics\calculators\Calculator.java
C:\Desenvolvimento\eclipse-mestrado-3\workspace\ORIGINAL_Metrics\src\net\sourceforge\metrics\calculators\InheritanceDepth.java
C:\Desenvolvimento\eclipse-mestrado-3\workspace\ORIGINAL_Metrics\src\net\sourceforge\metrics\calculators\InvalidSourceException.java
C:\Desenvolvimento\eclipse-mestrado-3\workspace\ORIGINAL_Metrics\src\net\sourceforge\metrics\calculators\LackOfCohesion.java
C:\Desenvolvimento\eclipse-mestrado-3\workspace\ORIGINAL_Metrics\src\net\sourceforge\metrics\calculators\LinesOfCode.java
C:\Desenvolvimento\eclipse-mestrado-3\workspace\ORIGINAL_Metrics\src\net\sourceforge\metrics\calculators\McCabe.java
C:\Desenvolvimento\eclipse-mestrado-3\workspace\ORIGINAL_Metrics\src\net\sourceforge\metrics\calculators\NestedBlockDepth.java
C:\Desenvolvimento\eclipse-mestrado-3\workspace\ORIGINAL_Metrics\src\net\sourceforge\metrics\calculators\Norm.java
C:\Desenvolvimento\eclipse-mestrado-3\workspace\ORIGINAL_Metrics\src\net\sourceforge\metrics\calculators\NumberOfAttributes.java
C:\Desenvolvimento\eclipse-mestrado-3\workspace\ORIGINAL_Metrics\src\net\sourceforge\metrics\calculators\NumberOfMethods.java
C:\Desenvolvimento\eclipse-mestrado-3\workspace\ORIGINAL_Metrics\src\net\sourceforge\metrics\calculators\NumberOfParameters.java
C:\Desenvolvimento\eclipse-mestrado-3\workspace\ORIGINAL_Metrics\src\net\sourceforge\metrics\calculators\RMartinCouplings.java
C:\Desenvolvimento\eclipse-mestrado-3\workspace\ORIGINAL_Metrics\src\net\sourceforge\metrics\calculators\SpecializationIndex.java
C:\Desenvolvimento\eclipse-mestrado-3\workspace\ORIGINAL_Metrics\src\net\sourceforge\metrics\core\Avg.java
C:\Desenvolvimento\eclipse-mestrado-3\workspace\ORIGINAL_Metrics\src\net\sourceforge\metrics\core\CalculatorDescriptor.java
C:\Desenvolvimento\eclipse-mestrado-3\workspace\ORIGINAL_Metrics\src\net\sourceforge\metrics\core\Constants.java
C:\Desenvolvimento\eclipse-mestrado-3\workspace\ORIGINAL_Metrics\src\net\sourceforge\metrics\core\ExportDescriptor.java
C:\Desenvolvimento\eclipse-mestrado-3\workspace\ORIGINAL_Metrics\src\net\sourceforge\metrics\core\ICalculator.java
C:\Desenvolvimento\eclipse-mestrado-3\workspace\ORIGINAL_Metrics\src\net\sourceforge\metrics\core\IExporter.java
C:\Desenvolvimento\eclipse-mestrado-3\workspace\ORIGINAL_Metrics\src\net\sourceforge\metrics\core\Log.java
C:\Desenvolvimento\eclipse-mestrado-3\workspace\ORIGINAL_Metrics\src\net\sourceforge\metrics\core\Max.java
C:\Desenvolvimento\eclipse-mestrado-3\workspace\ORIGINAL_Metrics\src\net\sourceforge\metrics\core\Metric.java
C:\Desenvolvimento\eclipse-mestrado-3\workspace\ORIGINAL_Metrics\src\net\sourceforge\metrics\core\MetricDescriptor.java
C:\Desenvolvimento\eclipse-mestrado-3\workspace\ORIGINAL_Metrics\src\net\sourceforge\metrics\core\MetricsPlugin.java
C:\Desenvolvimento\eclipse-mestrado-3\workspace\ORIGINAL_Metrics\src\net\sourceforge\metrics\core\Sum.java
C:\Desenvolvimento\eclipse-mestrado-3\workspace\ORIGINAL_Metrics\src\net\sourceforge\metrics\core\sources\AbstractMetricSource.java
C:\Desenvolvimento\eclipse-mestrado-3\workspace\ORIGINAL_Metrics\src\net\sourceforge\metrics\core\sources\Cache.java
C:\Desenvolvimento\eclipse-mestrado-3\workspace\ORIGINAL_Metrics\src\net\sourceforge\metrics\core\sources\CompilationUnitMetrics.java
C:\Desenvolvimento\eclipse-mestrado-3\workspace\ORIGINAL_Metrics\src\net\sourceforge\metrics\core\sources\Dispatcher.java
C:\Desenvolvimento\eclipse-mestrado-3\workspace\ORIGINAL_Metrics\src\net\sourceforge\metrics\core\sources\IGraphContributor.java
C:\Desenvolvimento\eclipse-mestrado-3\workspace\ORIGINAL_Metrics\src\net\sourceforge\metrics\core\sources\MethodMetrics.java
C:\Desenvolvimento\eclipse-mestrado-3\workspace\ORIGINAL_Metrics\src\net\sourceforge\metrics\core\sources\PackageFragmentMetrics.java
C:\Desenvolvimento\eclipse-mestrado-3\workspace\ORIGINAL_Metrics\src\net\sourceforge\metrics\core\sources\PackageFragmentRootMetrics.java
C:\Desenvolvimento\eclipse-mestrado-3\workspace\ORIGINAL_Metrics\src\net\sourceforge\metrics\core\sources\ProjectMetrics.java
C:\Desenvolvimento\eclipse-mestrado-3\workspace\ORIGINAL_Metrics\src\net\sourceforge\metrics\core\sources\TypeMetrics.java
C:\Desenvolvimento\eclipse-mestrado-3\workspace\ORIGINAL_Metrics\src\net\sourceforge\metrics\internal\tests\AllTests.java
C:\Desenvolvimento\eclipse-mestrado-3\workspace\ORIGINAL_Metrics\src\net\sourceforge\metrics\internal\tests\AvgTests.java
C:\Desenvolvimento\eclipse-mestrado-3\workspace\ORIGINAL_Metrics\src\net\sourceforge\metrics\internal\tests\MaxTests.java
C:\Desenvolvimento\eclipse-mestrado-3\workspace\ORIGINAL_Metrics\src\net\sourceforge\metrics\internal\xml\CompilationUnitXMLExporter.java
C:\Desenvolvimento\eclipse-mestrado-3\workspace\ORIGINAL_Metrics\src\net\sourceforge\metrics\internal\xml\IXMLExporter.java
C:\Desenvolvimento\eclipse-mestrado-3\workspace\ORIGINAL_Metrics\src\net\sourceforge\metrics\internal\xml\MethodXMLExporter.java
C:\Desenvolvimento\eclipse-mestrado-3\workspace\ORIGINAL_Metrics\src\net\sourceforge\metrics\internal\xml\MetricsExporter.java
C:\Desenvolvimento\eclipse-mestrado-3\workspace\ORIGINAL_Metrics\src\net\sourceforge\metrics\internal\xml\MetricsFirstExporter.java
C:\Desenvolvimento\eclipse-mestrado-3\workspace\ORIGINAL_Metrics\src\net\sourceforge\metrics\internal\xml\PackageFragmentXMLExporter.java
C:\Desenvolvimento\eclipse-mestrado-3\workspace\ORIGINAL_Metrics\src\net\sourceforge\metrics\internal\xml\PackageRootXMLExporter.java
C:\Desenvolvimento\eclipse-mestrado-3\workspace\ORIGINAL_Metrics\src\net\sourceforge\metrics\internal\xml\ProjectXMLExporter.java
C:\Desenvolvimento\eclipse-mestrado-3\workspace\ORIGINAL_Metrics\src\net\sourceforge\metrics\internal\xml\TypeXMLExporter.java
C:\Desenvolvimento\eclipse-mestrado-3\workspace\ORIGINAL_Metrics\src\net\sourceforge\metrics\internal\xml\XMLPrintStream.java
C:\Desenvolvimento\eclipse-mestrado-3\workspace\ORIGINAL_Metrics\src\net\sourceforge\metrics\internal\xml\XMLSourceTreeExporter.java
C:\Desenvolvimento\eclipse-mestrado-3\workspace\ORIGINAL_Metrics\src\net\sourceforge\metrics\propagators\AvgAvg.java
C:\Desenvolvimento\eclipse-mestrado-3\workspace\ORIGINAL_Metrics\src\net\sourceforge\metrics\propagators\AvgValue.java
C:\Desenvolvimento\eclipse-mestrado-3\workspace\ORIGINAL_Metrics\src\net\sourceforge\metrics\propagators\MaxMax.java
C:\Desenvolvimento\eclipse-mestrado-3\workspace\ORIGINAL_Metrics\src\net\sourceforge\metrics\propagators\MaxValue.java
C:\Desenvolvimento\eclipse-mestrado-3\workspace\ORIGINAL_Metrics\src\net\sourceforge\metrics\propagators\Propagator.java
C:\Desenvolvimento\eclipse-mestrado-3\workspace\ORIGINAL_Metrics\src\net\sourceforge\metrics\propagators\Sum.java
C:\Desenvolvimento\eclipse-mestrado-3\workspace\ORIGINAL_Metrics\src\net\sourceforge\metrics\properties\ExclusionPatternDialog.java
C:\Desenvolvimento\eclipse-mestrado-3\workspace\ORIGINAL_Metrics\src\net\sourceforge\metrics\properties\MetricsPropertyPage.java
C:\Desenvolvimento\eclipse-mestrado-3\workspace\ORIGINAL_Metrics\src\net\sourceforge\metrics\ui\AbortMetrics.java
C:\Desenvolvimento\eclipse-mestrado-3\workspace\ORIGINAL_Metrics\src\net\sourceforge\metrics\ui\DependencyGraphView.java
C:\Desenvolvimento\eclipse-mestrado-3\workspace\ORIGINAL_Metrics\src\net\sourceforge\metrics\ui\EnableMetrics.java
C:\Desenvolvimento\eclipse-mestrado-3\workspace\ORIGINAL_Metrics\src\net\sourceforge\metrics\ui\MetricsActionGroup.java
C:\Desenvolvimento\eclipse-mestrado-3\workspace\ORIGINAL_Metrics\src\net\sourceforge\metrics\ui\MetricsTable.java
C:\Desenvolvimento\eclipse-mestrado-3\workspace\ORIGINAL_Metrics\src\net\sourceforge\metrics\ui\MetricsView.java
C:\Desenvolvimento\eclipse-mestrado-3\workspace\ORIGINAL_Metrics\src\net\sourceforge\metrics\ui\OpenMetricsViewAction.java
C:\Desenvolvimento\eclipse-mestrado-3\workspace\ORIGINAL_Metrics\src\net\sourceforge\metrics\ui\dependencies\DependencyGraphPanel.java
C:\Desenvolvimento\eclipse-mestrado-3\workspace\ORIGINAL_Metrics\src\net\sourceforge\metrics\ui\dependencies\EclipseNode.java
C:\Desenvolvimento\eclipse-mestrado-3\workspace\ORIGINAL_Metrics\src\net\sourceforge\metrics\ui\dependencies\Knot.java
C:\Desenvolvimento\eclipse-mestrado-3\workspace\ORIGINAL_Metrics\src\net\sourceforge\metrics\ui\dependencies\PackageAttributes.java
C:\Desenvolvimento\eclipse-mestrado-3\workspace\ORIGINAL_Metrics\src\net\sourceforge\metrics\ui\dependencies\PathFinder.java
C:\Desenvolvimento\eclipse-mestrado-3\workspace\ORIGINAL_Metrics\src\net\sourceforge\metrics\ui\dependencies\PathFinderDialog.java
C:\Desenvolvimento\eclipse-mestrado-3\workspace\ORIGINAL_Metrics\src\net\sourceforge\metrics\ui\dependencies\TangleAnalyzer.java
C:\Desenvolvimento\eclipse-mestrado-3\workspace\ORIGINAL_Metrics\src\net\sourceforge\metrics\ui\dependencies\TopoSort.java
C:\Desenvolvimento\eclipse-mestrado-3\workspace\ORIGINAL_Metrics\src\net\sourceforge\metrics\ui\dependencies\TopoSortDialog.java
C:\Desenvolvimento\eclipse-mestrado-3\workspace\ORIGINAL_Metrics\src\net\sourceforge\metrics\ui\preferences\ColorPreferencePage.java
C:\Desenvolvimento\eclipse-mestrado-3\workspace\ORIGINAL_Metrics\src\net\sourceforge\metrics\ui\preferences\LCOMPreferencePage.java
C:\Desenvolvimento\eclipse-mestrado-3\workspace\ORIGINAL_Metrics\src\net\sourceforge\metrics\ui\preferences\ListUpDownEditor.java
C:\Desenvolvimento\eclipse-mestrado-3\workspace\ORIGINAL_Metrics\src\net\sourceforge\metrics\ui\preferences\MetricsPreferencePage.java
C:\Desenvolvimento\eclipse-mestrado-3\workspace\ORIGINAL_Metrics\src\net\sourceforge\metrics\ui\preferences\NORMPreferencePage.java
C:\Desenvolvimento\eclipse-mestrado-3\workspace\ORIGINAL_Metrics\src\net\sourceforge\metrics\ui\preferences\RangePage.java
C:\Desenvolvimento\eclipse-mestrado-3\workspace\ORIGINAL_Metrics\src\net\sourceforge\metrics\ui\preferences\XMLExportPage.java
